cmb10		CMB10		<cmb10.pfb
cmbsy10		CMBSY10		<cmbsy10.pfb
cmbx10		CMBX10		<cmbx10.pfb
cmbx12		CMBX12		<cmbx12.pfb
cmbx5		CMBX5		<cmbx5.pfb
cmbx6		CMBX6		<cmbx6.pfb
cmbx7		CMBX7		<cmbx7.pfb
cmbx8		CMBX8		<cmbx8.pfb
cmbx9		CMBX9		<cmbx9.pfb
cmbxsl10	CMBXSL10	<cmbxsl10.pfb
cmbxti10	CMBXTI10	<cmbxti10.pfb
cmcsc10		CMCSC10		<cmcsc10.pfb
cmdunh10	CMDUNH10	<cmdunh10.pfb
cmex10		CMEX10		<cmex10.pfb
cmff10		CMFF10		<cmff10.pfb
cmfi10		CMFI10		<cmfi10.pfb
cmfib8		CMFIB8		<cmfib8.pfb
cminch		CMINCH		<cminch.pfb
cmitt10		CMITT10		<cmitt10.pfb
cmmi10		CMMI10		<cmmi10.pfb
cmmi12		CMMI12		<cmmi12.pfb
cmmi5		CMMI5		<cmmi5.pfb
cmmi6		CMMI6		<cmmi6.pfb
cmmi7		CMMI7		<cmmi7.pfb
cmmi8		CMMI8		<cmmi8.pfb
cmmi9		CMMI9		<cmmi9.pfb
cmmib10		CMMIB10		<cmmib10.pfb
cmr10		CMR10		<cmr10.pfb
cmr12		CMR12		<cmr12.pfb
cmr17		CMR17		<cmr17.pfb
cmr5		CMR5		<cmr5.pfb
cmr6		CMR6		<cmr6.pfb
cmr7		CMR7		<cmr7.pfb
cmr8		CMR8		<cmr8.pfb
cmr9		CMR9		<cmr9.pfb
cmsl10		CMSL10		<cmsl10.pfb
cmsl12		CMSL12		<cmsl12.pfb
cmsl8		CMSL8		<cmsl8.pfb
cmsl9		CMSL9		<cmsl9.pfb
cmsltt10	CMSLTT10	<cmsltt10.pfb
cmss10		CMSS10		<cmss10.pfb
cmss12		CMSS12		<cmss12.pfb
cmss17		CMSS17		<cmss17.pfb
cmss8		CMSS8		<cmss8.pfb
cmss9		CMSS9		<cmss9.pfb
cmssbx10	CMSSBX10	<cmssbx10.pfb
cmssdc10	CMSSDC10	<cmssdc10.pfb
cmssi10		CMSSI10		<cmssi10.pfb
cmssi12		CMSSI12		<cmssi12.pfb
cmssi17		CMSSI17		<cmssi17.pfb
cmssi8		CMSSI8		<cmssi8.pfb
cmssi9		CMSSI9		<cmssi9.pfb
cmssq8		CMSSQ8		<cmssq8.pfb
cmssqi8		CMSSQI8		<cmssqi8.pfb
cmsy10		CMSY10		<cmsy10.pfb
cmsy5		CMSY5		<cmsy5.pfb
cmsy6		CMSY6		<cmsy6.pfb
cmsy7		CMSY7		<cmsy7.pfb
cmsy8		CMSY8		<cmsy8.pfb
cmsy9		CMSY9		<cmsy9.pfb
cmtcsc10	CMTCSC10	<cmtcsc10.pfb
cmtex10		CMTEX10		<cmtex10.pfb
cmtex8		CMTEX8		<cmtex8.pfb
cmtex9		CMTEX9		<cmtex9.pfb
cmti10		CMTI10		<cmti10.pfb
cmti12		CMTI12		<cmti12.pfb
cmti7		CMTI7		<cmti7.pfb
cmti8		CMTI8		<cmti8.pfb
cmti9		CMTI9		<cmti9.pfb
cmtt10		CMTT10		<cmtt10.pfb
cmtt12		CMTT12		<cmtt12.pfb
cmtt8		CMTT8		<cmtt8.pfb
cmtt9		CMTT9		<cmtt9.pfb
cmu10		CMU10		<cmu10.pfb
cmvtt10		CMVTT10		<cmvtt10.pfb
logo10		LOGO10		<logo10.pfb
logo8		LOGO8		<logo8.pfb
logo9		LOGO9		<logo9.pfb
logobf10	LOGOBF10	<logobf10.pfb
logosl10	LOGOSL10	<logosl10.pfb
csr10    csr10    <csr10.pfb
csr12    csr12    <csr12.pfb
csr17    csr17    <csr17.pfb
csr9     csr9     <csr9.pfb
csr8     csr8     <csr8.pfb
csr7     csr7     <csr7.pfb
csr6     csr6     <csr6.pfb
csr5     csr5     <csr5.pfb
csbx10   csbx10   <csbx10.pfb
csbx12   csbx12   <csbx12.pfb
csbx9    csbx9    <csbx9.pfb
csbx8    csbx8    <csbx8.pfb
csbx7    csbx7    <csbx7.pfb
csbx6    csbx6    <csbx6.pfb
csbx5    csbx5    <csbx5.pfb
csb10    csb10    <csb10.pfb
csti10   csti10   <csti10.pfb
csti12   csti12   <csti12.pfb
csti9    csti9    <csti9.pfb
csti8    csti8    <csti8.pfb
csti7    csti7    <csti7.pfb
cstt10   cstt10   <cstt10.pfb
cstt12   cstt12   <cstt12.pfb
cstt9    cstt9    <cstt9.pfb
cstt8    cstt8    <cstt8.pfb
cssltt10 cssltt10 <cssltt10.pfb
csvtt10  csvtt10  <csvtt10.pfb
csss10   csss10   <csss10.pfb
csss12   csss12   <csss12.pfb
csss17   csss17   <csss17.pfb
csss9    csss9    <csss9.pfb
csss8    csss8    <csss8.pfb
csssi10  csssi10  <csssi10.pfb
csssi12  csssi12  <csssi12.pfb
csssi17  csssi17  <csssi17.pfb
csssi9   csssi9   <csssi9.pfb
csssi8   csssi8   <csssi8.pfb
cssl10   cssl10   <cssl10.pfb
cssl12   cssl12   <cssl12.pfb
cssl9    cssl9    <cssl9.pfb
cssl8    cssl8    <cssl8.pfb
csssq8   csssq8   <csssq8.pfb
csssqi8  csssqi8  <csssqi8.pfb
csssdc10 csssdc10 <csssdc10.pfb
csssbx10 csssbx10 <csssbx10.pfb
csinch   csinch   <csinch.pfb
csdunh10 csdunh10 <csdunh10.pfb
csbxsl10 csbxsl10 <csbxsl10.pfb
csff10   csff10   <csff10.pfb
csfib8   csfib8   <csfib8.pfb
csbxti10 csbxti10 <csbxti10.pfb
csitt10  csitt10  <csitt10.pfb
csu10    csu10    <csu10.pfb
csfi10   csfi10   <csfi10.pfb
cscsc10  cscsc10  <cscsc10.pfb
cstcsc10 cstcsc10 <cstcsc10.pfb
cmcbx10  cmcbx10  <cmcbx10.pfb
cmcss10  cmcss10  <cmcss10.pfb
cmcssi10 cmcssi10 <cmcssi10.pfb
cmcti10  cmcti10  <cmcti10.pfb
cmcyr10  cmcyr10  <cmcyr10.pfb
